<6>Initializing cgroup subsys cpu
<5>Linux version 2.6.29-ge3d684d-dirty (tomer@lab507e) (gcc version 4.6.x-google 20120106 (prerelease) (GCC) ) #61 Tue Oct 8 14:32:19 IDT 2013
<4>CPU: ARMv7 Processor [410fc080] revision 0 (ARMv7), cr=10c5387f
<4>CPU: VIPT nonaliasing data cache, VIPT nonaliasing instruction cache
<4>Machine: Goldfish
<4>Memory policy: ECC disabled, Data cache writeback
<5>Truncating RAM at 00000000-772fffff to -33ffffff (vmalloc region overlap).
<7>On node 0 totalpages: 212992
<7>free_area_init_node: node 0, pgdat c035f800, node_mem_map c083a000
<7>  Normal zone: 1664 pages used for memmap
<7>  Normal zone: 0 pages reserved
<7>  Normal zone: 211328 pages, LIFO batch:31
<4>Built 1 zonelists in Zone order, mobility grouping on.  Total pages: 211328
<5>Kernel command line: qemu=1 console=ttyS0 android.qemud=ttyS1 android.checkjni=1 ndns=1
<3>Unknown boot option `android.qemud=ttyS1': ignoring
<3>Unknown boot option `android.checkjni=1': ignoring
<4>PID hash table entries: 4096 (order: 12, 16384 bytes)
<4>Console: colour dummy device 80x30
<6>Dentry cache hash table entries: 131072 (order: 7, 524288 bytes)
<6>Inode-cache hash table entries: 65536 (order: 6, 262144 bytes)
<6>Memory: 832MB = 832MB total
<5>Memory: 839936KB available (3148K code, 714K data, 124K init)
<6>Calibrating delay loop... 517.73 BogoMIPS (lpj=2588672)
<4>Mount-cache hash table entries: 512
<6>Initializing cgroup subsys debug
<6>Initializing cgroup subsys cpuacct
<6>Initializing cgroup subsys freezer
<6>CPU: Testing write buffer coherency: ok
<6>net_namespace: 936 bytes
<6>NET: Registered protocol family 16
<4>bio: create slab <bio-0> at 0
<6>NET: Registered protocol family 2
<6>IP route cache hash table entries: 32768 (order: 5, 131072 bytes)
<6>TCP established hash table entries: 131072 (order: 8, 1048576 bytes)
<7>Switched to high resolution mode on CPU 0
<6>TCP bind hash table entries: 65536 (order: 6, 262144 bytes)
<6>TCP: Hash tables configured (established 131072 bind 65536)
<6>TCP reno registered
<6>NET: Registered protocol family 1
<6>checking if image is initramfs... it is
<6>Freeing initrd memory: 228K
<4>goldfish_new_pdev goldfish_interrupt_controller at ff000000 irq -1
<4>goldfish_new_pdev goldfish_device_bus at ff001000 irq 1
<4>goldfish_new_pdev goldfish_timer at ff003000 irq 3
<4>goldfish_new_pdev goldfish_rtc at ff010000 irq 10
<4>goldfish_new_pdev goldfish_tty at ff002000 irq 4
<4>goldfish_new_pdev goldfish_tty at ff011000 irq 11
<4>goldfish_new_pdev goldfish_tty at ff012000 irq 12
<4>goldfish_new_pdev smc91x at ff013000 irq 13
<4>goldfish_new_pdev goldfish_fb at ff014000 irq 14
<4>goldfish_new_pdev goldfish_audio at ff004000 irq 15
<4>goldfish_new_pdev goldfish_mmc at ff005000 irq 16
<4>goldfish_new_pdev goldfish_memlog at ff006000 irq -1
<4>goldfish_new_pdev goldfish-battery at ff015000 irq 17
<4>goldfish_new_pdev goldfish_events at ff016000 irq 18
<4>goldfish_new_pdev goldfish_nand at ff017000 irq -1
<4>goldfish_new_pdev qemu_pipe at ff018000 irq 19
<4>goldfish_new_pdev goldfish-switch at ff01a000 irq 20
<4>goldfish_new_pdev goldfish-switch at ff01b000 irq 21
<4>goldfish_pdev_worker registered goldfish_interrupt_controller
<4>goldfish_pdev_worker registered goldfish_device_bus
<4>goldfish_pdev_worker registered goldfish_timer
<4>goldfish_pdev_worker registered goldfish_rtc
<4>goldfish_pdev_worker registered goldfish_tty
<4>goldfish_pdev_worker registered goldfish_tty
<4>goldfish_pdev_worker registered goldfish_tty
<4>goldfish_pdev_worker registered smc91x
<4>goldfish_pdev_worker registered goldfish_fb
<4>goldfish_pdev_worker registered goldfish_audio
<4>goldfish_pdev_worker registered goldfish_mmc
<4>goldfish_pdev_worker registered goldfish_memlog
<4>goldfish_pdev_worker registered goldfish-battery
<4>goldfish_pdev_worker registered goldfish_events
<4>goldfish_pdev_worker registered goldfish_nand
<4>goldfish_pdev_worker registered qemu_pipe
<4>goldfish_pdev_worker registered goldfish-switch
<4>goldfish_pdev_worker registered goldfish-switch
<6>ashmem: initialized
<6>Installing knfsd (copyright (C) 1996 okir@monad.swb.de).
<6>fuse init (API version 7.11)
<4>yaffs Oct  8 2013 14:32:16 Installing. 
<6>msgmni has been set to 1641
<6>alg: No test for stdrng (krng)
<6>io scheduler noop registered
<6>io scheduler anticipatory registered (default)
<6>io scheduler deadline registered
<6>io scheduler cfq registered
<4>allocating frame buffer 768 * 1280, got ffa00000
<6>console [ttyS0] enabled
<6>brd: module loaded
<6>loop: module loaded
<6>nbd: registered device at major 43
<4>goldfish_audio_probe
<6>tun: Universal TUN/TAP device driver, 1.6
<6>tun: (C) 1999-2004 Max Krasnyansky <maxk@qualcomm.com>
<4>smc91x.c: v1.1, sep 22 2004 by Nicolas Pitre <nico@cam.org>
<6>eth0 (smc91x): not using net_device_ops yet
<4>eth0: SMC91C11xFD (rev 1) at f480c000 IRQ 13 [nowait]
<4>eth0: Ethernet addr: 52:54:00:12:34:56
<7>eth0: No PHY found
<4>goldfish nand dev0: size d380000, page 2048, extra 64, erase 131072
<4>goldfish nand dev1: size b380000, page 2048, extra 64, erase 131072
<4>goldfish nand dev2: size 4000000, page 2048, extra 64, erase 131072
<6>mice: PS/2 mouse device common for all mice
<4>*** events probe ***
<4>events_probe() addr=0xf4814000 irq=18
<4>events_probe() keymap=qwerty2
<6>input: qwerty2 as /devices/virtual/input/input0
<6>goldfish_rtc goldfish_rtc: rtc core: registered goldfish_rtc as rtc0
<6>device-mapper: uevent: version 1.0.3
<6>device-mapper: ioctl: 4.14.0-ioctl (2008-04-23) initialised: dm-devel@redhat.com
<6>logger: created 64K log 'log_main'
<6>logger: created 256K log 'log_events'
<6>logger: created 64K log 'log_radio'
<4>Netfilter messages via NETLINK v0.30.
<4>nf_conntrack version 0.5.0 (13312 buckets, 53248 max)
<4>CONFIG_NF_CT_ACCT is deprecated and will be removed soon. Please use
<4>nf_conntrack.acct=1 kernel paramater, acct=1 nf_conntrack module option or
<4>sysctl net.netfilter.nf_conntrack_acct=1 to enable it.
<4>ctnetlink v0.93: registering with nfnetlink.
<6>NF_TPROXY: Transparent proxy support initialized, version 4.1.0
<6>NF_TPROXY: Copyright (c) 2006-2007 BalaBit IT Ltd.
<6>xt_time: kernel timezone is -0000
<6>ip_tables: (C) 2000-2006 Netfilter Core Team
<6>arp_tables: (C) 2002 David S. Miller
<6>TCP cubic registered
<6>NET: Registered protocol family 10
<6>ip6_tables: (C) 2000-2006 Netfilter Core Team
<6>IPv6 over IPv4 tunneling driver
<6>NET: Registered protocol family 17
<6>NET: Registered protocol family 15
<6>RPC: Registered udp transport module.
<6>RPC: Registered tcp transport module.
<6>802.1Q VLAN Support v1.8 Ben Greear <greearb@candelatech.com>
<6>All bugs added by David S. Miller <davem@redhat.com>
<6>VFP support v0.3: implementor 41 architecture 3 part 30 variant c rev 0
<6>goldfish_rtc goldfish_rtc: setting system clock to 2013-10-08 11:32:49 UTC (1381231969)
<6>Freeing init memory: 124K
<6>mmc0: new SD card at address e118
<6>mmcblk0: mmc0:e118 SU02G 400 MiB 
<6> mmcblk0:
<4>SELinux:  Could not mount selinuxfs:  No such device
<3>init: cannot open '/initlogo.rle'
<6>yaffs: dev is 32505856 name is "mtdblock0"
<6>yaffs: passed flags ""
<4>yaffs: Attempting MTD mount on 31.0, "mtdblock0"
<4>yaffs_read_super: isCheckpointed 0
<4>save exit: isCheckpointed 0
<6>yaffs: dev is 32505857 name is "mtdblock1"
<6>yaffs: passed flags ""
<4>yaffs: Attempting MTD mount on 31.1, "mtdblock1"
<4>yaffs_read_super: isCheckpointed 0
<6>yaffs: dev is 32505858 name is "mtdblock2"
<6>yaffs: passed flags ""
<4>yaffs: Attempting MTD mount on 31.2, "mtdblock2"
<4>yaffs_read_super: isCheckpointed 0
<3>init: cannot find '/system/etc/install-recovery.sh', disabling 'flash_recovery'
<6>eth0: link up
<6>warning: `rild' uses 32-bit capabilities (legacy support in use)
<7>eth0: no IPv6 routers present
<6>request_suspend_state: wakeup (3->0) at 24297025515 (2013-10-08 11:33:13.272885622 UTC)
<3>init: sys_prop: permission denied uid:1003  name:service.bootanim.exit
<4>MemAccess: module license 'unspecified' taints kernel.
<4>[MemAccess] Registered.
<4>[MemAccess] MajorID=252
<4>[MemAccess] Open
<4>[MemAccess] Release
<4>[MemAccess] Open
<4>[MemAccess] Read: count = 16, offset = e5eebf78, *offset = 0
<4>[MemAccess] Read 0 bytes.
<4>[MemAccess] Release
<4>[MemAccess] Open
<4>[MemAccess] Release
<4>[MemAccess] Unregistered.
<4>[MemAccess] Registered.
<4>[MemAccess] MajorID=252
